Content of test.log